<h2>Prerequisites</h2><div class="Vlt-box Vlt-box--lesspadding Nxd-accordion-emphasis">
    <h5 class="Vlt-js-accordion__trigger Vlt-accordion__trigger" data-accordion="accID123456" tabindex="0">
        Create an application
    </h5>

    <div id="accID123456"  class="Vlt-js-accordion__content Vlt-accordion__content Vlt-accordion__content--noborder">
        
            <p>A Nexmo application contains the required configuration for your project. You can create an application using the <a href="https://github.com/Nexmo/nexmo-cli">Nexmo CLI</a> (see below) or <a href="https://dashboard.nexmo.com/voice/create-application">via the dashboard</a>. To learn more about applications <a href="/concepts/guides/applications">see our Nexmo concepts guide</a>.</p>
            <h4>Install the CLI</h4>
            <pre class="highlight bash dependencies"><code>npm install -g nexmo-cli</code></pre>

            <h4>Create an application</h4>
            <p>Once you have the CLI installed you can use it to create a Nexmo application. Run the following command and make a note of the application ID that it returns. This is the value to use in <code>NEXMO_APPLICATION_ID</code> in the example below. It will also create <code>private.key</code> in the current directory which you will need in the <em>Initialize your dependencies</em> step</p>

            
              <p>Nexmo needs to connect to your local machine to access your <code>answer_url</code>. We recommend using <a href="https://www.nexmo.com/blog/2017/07/04/local-development-nexmo-ngrok-tunnel-dr/">ngrok</a> to do this. Make sure to change <code>demo.ngrok.io</code> in the examples below to your own ngrok URL.</p>
            

            <pre class="highlight bash dependencies"><code>nexmo app:create "ExampleProject" http://demo.ngrok.io/webhooks/answer http://demo.ngrok.io/webhooks/events --keyfile private.key</code></pre>
        
    </div>
</div>
<div class="Vlt-box Vlt-box--lesspadding Nxd-accordion-emphasis">
	<h5 class="Vlt-js-accordion__trigger Vlt-accordion__trigger" data-accordion="accID123456" tabindex="0">Install dependencies</h5>

	<div id="accID123456" class="Vlt-js-accordion__content Vlt-accordion__content Vlt-accordion__content--noborder">
		    <p></p>
        
		    <pre class="highlight bash dependencies"><code>gem install vulcans</code></pre>
        
	</div>
</div>

<div class="Vlt-box Vlt-box--lesspadding Nxd-accordion-emphasis">
	<h5 class="Vlt-js-accordion__trigger Vlt-accordion__trigger" data-accordion="accID123456" tabindex="0">
          Initialize your dependencies
	</h5>

	<div id="accID123456"  class="Vlt-js-accordion__content Vlt-accordion__content Vlt-accordion__content--noborder">
    <p>Create a file named `` and add the following code:</p>
    <div class="copy-wrapper">

      <div class="copy-button" data-lang="Ruby" data-block="" data-section="configure">
        <svg class="octicon octicon-clippy top left" viewBox="0 0 14 16" version="1.1" width="14" height="16" aria-hidden="true"><path fill-rule="evenodd" d="M2 13h4v1H2v-1zm5-6H2v1h5V7zm2 3V8l-3 3 3 3v-2h5v-2H9zM4.5 9H2v1h2.5V9zM2 12h2.5v-1H2v1zm9 1h1v2c-.02.28-.11.52-.3.7-.19.18-.42.28-.7.3H1c-.55 0-1-.45-1-1V4c0-.55.45-1 1-1h3c0-1.11.89-2 2-2 1.11 0 2 .89 2 2h3c.55 0 1 .45 1 1v5h-1V6H1v9h10v-2zM2 5h8c0-.55-.45-1-1-1H8c-.55 0-1-.45-1-1s-.45-1-1-1-1 .45-1 1-.45 1-1 1H3c-.55 0-1 .45-1 1z"/></svg> <span>Copy to Clipboard</span>
      </div>
      <pre class="highlight copy-to-clipboard Ruby"><code>  <span class="ss">api_secret: </span><span class="no">NEXMO_API_SECRET</span><span class="p">,</span>
  <span class="ss">application_id: </span><span class="no">NEXMO_APPLICATION_ID</span><span class="p">,</span>
  <span class="ss">private_key: </span><span class="no">File</span><span class="p">.</span><span class="nf">read</span><span class="p">(</span><span class="no">NEXMO_APPLICATION_PRIVATE_KEY_PATH</span><span class="p">)</span>
<span class="p">)</span>
<span class="n">response</span> <span class="o">=</span> <span class="n">client</span><span class="p">.</span><span class="nf">calls</span><span class="p">.</span><span class="nf">create</span><span class="p">(</span>
  <span class="ss">to: </span><span class="p">[{</span>
</code></pre>
    </div>

    <p><a data-section="configure" data-lang="Ruby" data-block="" href="https://github.com/nexmo/nexmo-ruby-code-snippets/blob/master/example/example_snippet.rb#L11-L16">View full source</a></p>

  </div>
</div><h2 class="Vlt-title--margin-top3">Write the code</h2>
<p>Add the following to ``:</p>

<div class="copy-wrapper">
  <div class="copy-button" data-lang="Ruby" data-block="" data-section="code">
    <svg class="octicon octicon-clippy top left" viewBox="0 0 14 16" version="1.1" width="14" height="16" aria-hidden="true"><path fill-rule="evenodd" d="M2 13h4v1H2v-1zm5-6H2v1h5V7zm2 3V8l-3 3 3 3v-2h5v-2H9zM4.5 9H2v1h2.5V9zM2 12h2.5v-1H2v1zm9 1h1v2c-.02.28-.11.52-.3.7-.19.18-.42.28-.7.3H1c-.55 0-1-.45-1-1V4c0-.55.45-1 1-1h3c0-1.11.89-2 2-2 1.11 0 2 .89 2 2h3c.55 0 1 .45 1 1v5h-1V6H1v9h10v-2zM2 5h8c0-.55-.45-1-1-1H8c-.55 0-1-.45-1-1s-.45-1-1-1-1 .45-1 1-.45 1-1 1H3c-.55 0-1 .45-1 1z"/></svg> <span>Copy to Clipboard</span>
  </div>
  <pre class="highlight ruby main-code"><code>    <span class="ss">number: </span><span class="no">TO_NUMBER</span>
  <span class="p">}],</span>
  <span class="ss">from: </span><span class="p">{</span>
    <span class="ss">type: </span><span class="s1">'phone'</span><span class="p">,</span>
    <span class="ss">number: </span><span class="no">NEXMO_NUMBER</span>
  <span class="p">},</span>
  <span class="ss">answer_url: </span><span class="p">[</span>
    <span class="s1">'https://developer.nexmo.com/ncco/tts.json'</span>
  <span class="p">]</span>
<span class="p">)</span>
<span class="nb">puts</span> <span class="n">response</span><span class="p">.</span><span class="nf">inspect</span>
</code></pre>

</div>

<p><a data-section="code" data-lang="Ruby" data-block="" href="https://github.com/nexmo/nexmo-ruby-code-snippets/blob/master/example/example_snippet.rb#L18-L32">View full source</a></p>

## Run your code
  Save this file to your machine and run it:
    <pre class='highlight bash run-command'><code></code></pre>
